: Running with following config:
cudaUseFP16 = false
cudaUseNHWC = false
forDeterministicTesting = true
humanSLProfile = preaz_18k
logAllRequests = true
logAllResponses = true
logFile = tests/results/analysis/humansl_sidetomove.txt.log
logSearchInfo = true
logTimeStamp = false
maxPlayouts = 10000
maxVisits = 100
nnCacheSizePowerOfTwo = 23
nnMaxBatchSize = 64
nnMutexPoolSizePowerOfTwo = 17
nnRandSeed = analysisTest
nnRandomize = false
numAnalysisThreads = 1
numSearchThreads = 1
openclUseFP16 = false
reportAnalysisWinratesAs = SIDETOMOVE
rootSymmetryPruning = false
trtUseFP16 = false

: Analysis Engine starting...
: KataGo v1.16.0
: nnRandSeed0 = analysisTest
: After dedups: nnModelFile0 = tests/models/g170-b6c96-s175395328-d26788732.bin.gz useFP16 false useNHWC false
: Initializing neural net buffer to be size 19 * 19 allowing smaller boards
: Cuda backend thread 0: Found GPU NVIDIA RTX A5000 memory 25425608704 compute capability major 8 minor 6
: Cuda backend thread 0: Model version 8 useFP16 = false useNHWC = false
: Cuda backend thread 0: Model name: g170-b6c96-s175395328-d26788732
: nnRandSeed0 = analysisTest
: After dedups: nnModelFile0 = models/b18c384nbt-humanv0.bin.gz useFP16 false useNHWC false
: Initializing neural net buffer to be size 19 * 19 allowing smaller boards
: Cuda backend thread 0: Found GPU NVIDIA RTX A5000 memory 25425608704 compute capability major 8 minor 6
: Cuda backend thread 0: Model version 15 useFP16 = false useNHWC = false
: Cuda backend thread 0: Model name: b18c384nbt-humanv0
: Loaded config configs/analysis_example.cfg and/or command-line and query overrides
: Loaded model tests/models/g170-b6c96-s175395328-d26788732.bin.gz
: Config override: cudaUseFP16 = false
: Config override: cudaUseNHWC = false
: Config override: forDeterministicTesting = true
: Config override: humanSLProfile = preaz_18k
: Config override: logAllRequests = true
: Config override: logAllResponses = true
: Config override: logDir = 
: Config override: logFile = tests/results/analysis/humansl_sidetomove.txt.log
: Config override: logSearchInfo = true
: Config override: logTimeStamp = false
: Config override: maxPlayouts = 10000
: Config override: maxVisits = 100
: Config override: nnRandSeed = analysisTest
: Config override: nnRandomize = false
: Config override: numAnalysisThreads = 1
: Config override: numSearchThreadsPerAnalysisThread = 1
: Config override: openclUseFP16 = false
: Config override: reportAnalysisWinratesAs = SIDETOMOVE
: Config override: rootSymmetryPruning = false
: Config override: trtUseFP16 = false
: Analyzing up to 1 positions at a time in parallel
: Started, ready to begin handling requests
: Request: {"id":"foo","initialStones":[["B","Q4"],["B","C4"]],"moves":[["W","P5"],["B","P6"]],"rules":"tromp-taylor","komi":7.5,"boardXSize":19,"boardYSize":19,"analyzeTurns":[2],"overrideSettings":{"maxVisits":10}}
: Request: {"id":"foo","initialStones":[],"moves":[["W","C5"],["B","C6"]],"rules":"tromp-taylor","komi":4,"boardXSize":7,"boardYSize":7,"overrideSettings":{"maxVisits":10},"includeOwnership":true,"includePolicy":true}
: Request: {"id":"foo","initialStones":[],"moves":[["W","C5"],["B","C6"],["W","C7"]],"rules":"tromp-taylor","komi":4,"boardXSize":7,"boardYSize":7,"overrideSettings":{"maxVisits":10},"includeOwnership":true,"includePolicy":true}
: Request: {"id":"foo","initialStones":[],"moves":[["W","C5"],["B","C6"],["W","C7"]],"rules":"tromp-taylor","komi":4,"boardXSize":7,"boardYSize":7,"overrideSettings":{"maxVisits":20},"includeOwnership":true,"includeOwnershipStdev":true,"includePolicy":true}
: Request: {"id":"foo","action":"query_models"}
: Request: {"id":"foo","initialStones":[["B","(16,3)"],["W","(3,3)"],["B","(15,16)"],["W","(3,15)"],["B","(5,2)"],["W","(3,5)"],["B","(5,16)"],["W","(8,2)"],["B","(2,13)"],["W","(14,2)"],["B","(14,3)"],["W","(13,3)"],["B","(13,2)"],["W","(12,2)"],["B","(13,1)"],["W","(12,1)"],["B","(14,1)"],["W","(15,2)"],["B","(15,1)"],["W","(16,2)"],["B","(15,3)"],["W","(16,1)"],["B","(17,1)"],["W","(2,11)"],["B","(4,14)"],["W","(3,14)"],["B","(3,13)"],["W","(4,13)"],["B","(5,14)"],["W","(3,12)"],["B","(1,13)"],["W","(4,16)"],["B","(2,16)"],["W","(1,14)"],["B","(1,15)"],["W","(2,14)"],["B","(0,14)"],["W","(5,17)"],["B","(6,16)"],["W","(3,17)"],["B","(2,17)"],["W","(6,17)"],["B","(8,16)"],["W","(7,17)"],["B","(7,16)"],["W","(17,2)"],["B","(16,0)"],["W","(1,17)"],["B","(1,18)"],["W","(8,17)"],["B","(9,17)"],["W","(0,17)"],["B","(0,13)"],["W","(5,13)"],["B","(6,14)"],["W","(1,11)"],["B","(3,18)"],["W","(4,18)"],["B","(2,18)"],["W","(3,16)"],["B","(2,15)"],["W","(0,15)"],["B","(0,16)"],["W","(10,17)"],["B","(9,16)"],["W","(9,18)"],["B","(11,16)"],["W","(0,12)"],["B","(12,3)"],["W","(13,4)"],["B","(11,3)"],["W","(10,2)"],["B","(10,3)"],["W","(10,1)"],["B","(17,3)"],["W","(3,2)"],["B","(11,17)"],["W","(2,12)"],["B","(15,10)"],["W","(1,12)"],["B","(0,15)"],["W","(1,16)"],["B","(0,18)"],["W","(1,17)"],["B","(4,15)"],["W","(4,17)"],["B","(6,13)"],["W","(5,11)"],["B","(6,11)"],["W","(16,15)"],["B","(16,16)"]],"initialPlayer":"W","moves":[],"rules":"tromp-taylor","komi":7.5,"boardXSize":19,"boardYSize":19,"overrideSettings":{"maxVisits":30,"humanSLRootExploreProbWeightless":0.8,"humanSLCpuctPermanent":2.0}}
: Response: {"action":"query_models","id":"foo","models":[{"internalName":"g170-b6c96-s175395328-d26788732","maxBatchSize":64,"name":"tests/models/g170-b6c96-s175395328-d26788732.bin.gz","usesHumanSLProfile":false,"usingFP16":"false","version":8},{"internalName":"b18c384nbt-humanv0","maxBatchSize":64,"name":"models/b18c384nbt-humanv0.bin.gz","usesHumanSLProfile":true,"usingFP16":"false","version":15}]}
: MoveNum: 2 HASH: 29EDDA3CC5189C1F08CBD809E4157047
   A B C D E F G H J K L M N O P Q R S T
19 . . . . . . . . . . . . . . . . . . .
18 . . . . . . . . . . . . . . . . . . .
17 . . . . . . . . . . . . . . . . . . .
16 . . . . . . . . . . . . . . . . . . .
15 . . . . . . . . . . . . . . . . . . .
14 . . . . . . . . . . . . . . . . . . .
13 . . . . . . . . . . . . . . . . . . .
12 . . . . . . . . . . . . . . . . . . .
11 . . . . . . . . . . . . . . . . . . .
10 . . . . . . . . . . . . . . . . . . .
 9 . . . . . . . . . . . . . . . . . . .
 8 . . . . . . . . . . . . . . . . . . .
 7 . . . . . . . . . . . . . . . . . . .
 6 . . . . . . . . . . . . . . X2. . . .
 5 . . . . . . . . . . . . . . O1. . . .
 4 . . X . . . . . . . . . . . . X . . .
 3 . . . . . . . . . . . . . . . . . . .
 2 . . . . . . . . . . . . . . . . . . .
 1 . . . . . . . . . . . . . . . . . . .

koPOSITIONALscoreAREAtaxNONEsui1komi7.5
Root visits: 10
New playouts: 10
NN rows: 10
NN batches: 10
NN avg batch size: 1
PV: Q5 R5 Q6 R6 Q7
Tree:
: T -23.95c W -22.79c S  -1.36c ( -7.4 L  -7.1) N      10  --  Q5 R5 Q6 R6 Q7
---White(^)---
Q5  : T -23.28c W -22.21c S  -1.30c ( -7.3 L  -7.0) LCB  -36.05c P 74.71% WF   9.0 PSV       9 N       9  --  Q5 R5 Q6 R6 Q7

: Response: {"id":"foo","isDuringSearch":false,"moveInfos":[{"edgeVisits":9,"edgeWeight":9.0,"humanPrior":0.595580757,"lcb":0.343357371,"move":"Q5","order":0,"playSelectionValue":9.0,"prior":0.747089922,"pv":["Q5","R5","Q6","R6","Q7"],"scoreLead":-7.02096318,"scoreMean":-7.02096318,"scoreSelfplay":-7.33692155,"scoreStdev":30.8993188,"utility":-0.2328212,"utilityLcb":-0.360532423,"visits":9,"weight":9.0,"winrate":0.388968522}],"rootInfo":{"currentPlayer":"W","humanScoreMean":-21.6368752,"humanScoreStdev":71.8285307,"humanStScoreError":4.45093632,"humanStWrError":0.099768959,"humanWinrate":0.321541443,"rawLead":-7.74312592,"rawNoResultProb":0.0,"rawScoreSelfplay":-8.22738552,"rawScoreSelfplayStdev":31.4018354,"rawStScoreError":-1.0,"rawStWrError":-0.5,"rawVarTimeLeft":-1.0,"rawWinrate":0.359705999,"scoreLead":-7.09317946,"scoreSelfplay":-7.42596795,"scoreStdev":30.951090399999998,"symHash":"215BAF8265F4950EC41771439410160F","thisHash":"FA2C1B0E252C40AF31EB9DEC2CCCCD34","utility":-0.239480094,"visits":10,"weight":10.0,"winrate":0.38604227},"turnNumber":2}
: MoveNum: 2 HASH: FACB00E9D9004B23F7292DCF3F13D71D
   A B C D E F G
 7 . . . . . . .
 6 . . X2. . . .
 5 . . O1. . . .
 4 . . . . . . .
 3 . . . . . . .
 2 . . . . . . .
 1 . . . . . . .

koPOSITIONALscoreAREAtaxNONEsui1komi4
Root visits: 10
New playouts: 10
NN rows: 20
NN batches: 20
NN avg batch size: 1
PV: D5 D3 E3
Tree:
: T  90.88c W  98.46c S  -5.19c (+19.9 L +11.4) N      10  --  D5 D3 E3
---White(^)---
D5  : T  87.70c W  98.03c S  -8.93c (+17.8 L +10.7) LCB   65.03c P 69.43% WF   6.0 PSV       6 N       6  --  D5 D3 E3
D4  : T  89.08c W  98.99c S  -5.19c (+19.9 L +10.5) LCB   13.70c P 25.99% WF   3.0 PSV       2 N       3  --  D4 D5 C4

: Response: {"humanPolicy":[6.86444691e-05,0.0002068459,0.00156371156,0.0004661727,5.96135324e-05,3.01921773e-05,5.50770637e-05,0.000149418498,0.0815507621,-1.0,0.346601665,0.0014975454,0.000224476113,2.2803164e-05,0.000150813969,0.00592216151,-1.0,0.159003839,0.087852858,0.000238945839,2.86170998e-05,6.11979922e-05,0.000627909321,0.01391582,0.102011785,0.0379488878,0.000209562349,2.04223088e-05,4.86094177e-05,0.000366787193,0.051155217,0.0423813164,0.0635823458,0.000125765713,1.65830115e-05,2.75583279e-05,0.000252151454,0.000483204756,0.000479027163,0.000192679814,0.000173619424,1.4721285e-05,4.68081998e-05,2.05782817e-05,4.03520025e-05,2.12135747e-05,1.74688266e-05,1.21586027e-05,3.7830705e-05,1.43891566e-05],"id":"foo","isDuringSearch":false,"moveInfos":[{"edgeVisits":6,"edgeWeight":6.0,"humanPrior":0.159003839,"lcb":0.909193325,"move":"D5","order":0,"playSelectionValue":6.0,"prior":0.694336712,"pv":["D5","D3","E3"],"scoreLead":10.678413,"scoreMean":10.678413,"scoreSelfplay":17.8136434,"scoreStdev":10.1127617,"utility":0.876974662,"utilityLcb":0.65032835,"visits":6,"weight":6.0,"winrate":0.990138436},{"edgeVisits":3,"edgeWeight":3.0,"humanPrior":0.102011785,"lcb":0.725732897,"move":"D4","order":1,"playSelectionValue":2.0,"prior":0.259906083,"pv":["D4","D5","C4"],"scoreLead":10.4551684,"scoreMean":10.4551684,"scoreSelfplay":19.9358568,"scoreStdev":11.2093222,"utility":0.890828523,"utilityLcb":0.137014841,"visits":3,"weight":3.0,"winrate":0.994952069}],"ownership":[0.377908,0.472728,0.400251,0.413132,0.359308,0.270298,0.201806,0.446249,0.451938,0.323734,0.481912,0.429427,0.307479,0.200343,0.359553,0.488578,0.890953,0.672855,0.373444,0.288723,0.1928,0.361115,0.477832,0.454383,0.433047,0.419086,0.204149,0.162083,0.245897,0.251135,0.382372,-0.169173,0.115148,0.089997,0.078641,0.145908,0.100867,-0.016149,-0.091416,-0.029972,-0.06124,-0.030782,0.04807,-0.013095,-0.058428,-0.087736,-0.095803,-0.123612,-0.098765],"policy":[2.45338142e-05,4.53767861e-05,3.75308118e-05,3.4369139e-05,3.60671183e-05,5.78527761e-05,4.14012284e-05,4.40490221e-05,0.000719440694,-1.0,0.00894457195,7.74770233e-05,8.57391278e-05,6.1455532e-05,4.40249205e-05,0.000144242338,-1.0,0.694336712,0.00568302488,9.57005541e-05,5.27259108e-05,4.51800115e-05,0.000205694145,0.00268000993,0.259906083,0.0210749451,9.02411412e-05,5.5012104e-05,5.03227893e-05,6.63370738e-05,0.000613481971,0.00346120214,0.000252987258,6.44720712e-05,4.31625704e-05,4.06826257e-05,7.47281738e-05,9.72333874e-05,7.27158331e-05,7.0824055e-05,6.57788551e-05,4.82647447e-05,4.50410516e-05,4.69558108e-05,4.99996495e-05,4.62141215e-05,4.29544998e-05,4.88409423e-05,3.75244417e-05,3.69180925e-05],"rootInfo":{"currentPlayer":"W","humanScoreMean":13.750555,"humanScoreStdev":16.5725849,"humanStScoreError":1.74244237,"humanStWrError":0.00400809385,"humanWinrate":0.820711076,"rawLead":18.2429409,"rawNoResultProb":0.0,"rawScoreSelfplay":32.5102272,"rawScoreSelfplayStdev":9.45907201,"rawStScoreError":-1.0,"rawStWrError":-0.5,"rawVarTimeLeft":-1.0,"rawWinrate":0.997110963,"scoreLead":11.4693062,"scoreSelfplay":19.9182001,"scoreStdev":11.2522307,"symHash":"142D62B902727ED7A147F45224109E72","thisHash":"290AC1DB39349793CE09682AF7CA6A6E","utility":0.910747299,"visits":10,"weight":10.0,"winrate":0.991982859},"turnNumber":2}
: MoveNum: 3 HASH: 1ACE111AC9EBF428362D9F3D03459891
   A B C D E F G
 7 . . O3. . . .
 6 . . X2. . . .
 5 . . O1. . . .
 4 . . . . . . .
 3 . . . . . . .
 2 . . . . . . .
 1 . . . . . . .

koPOSITIONALscoreAREAtaxNONEsui1komi4
Root visits: 10
New playouts: 10
NN rows: 30
NN batches: 30
NN avg batch size: 1
PV: D5 D6 D4
Tree:
: T -36.42c W -33.02c S  -2.93c ( -2.8 L  -1.9) N      10  --  D5 D6 D4
---Black(^)---
D5  : T -29.19c W -28.72c S  -2.60c ( -2.6 L  -1.7) LCB  -48.19c P 61.21% WF   7.2 PSV       7 N       7  --  D5 D6 D4
D4  : T -75.50c W -58.79c S  -5.60c ( -4.3 L  -2.9) LCB -230.41c P 31.03% WF   1.8 PSV       1 N       2  --  D4 D5

: Response: {"humanPolicy":[0.00085105293,0.127384171,-1.0,0.290727615,0.0010352697,0.000131353547,0.000182530246,0.000744956022,0.0876227096,-1.0,0.293539226,0.00309163309,0.000275493279,4.34556532e-05,0.000228278179,0.0282620732,-1.0,0.0847807452,0.0041238782,0.000126463827,3.99292076e-05,0.000125189879,0.000822850387,0.0288031511,0.0199425146,0.0027553821,7.42711927e-05,2.86806371e-05,5.41531226e-05,0.000223356401,0.0101836845,0.00428659702,0.00829406083,7.52767883e-05,2.76686533e-05,3.60528793e-05,9.99691183e-05,0.000115758194,0.000113864735,0.000100738391,0.000136638657,2.78278021e-05,0.000160323601,3.3839231e-05,3.96750438e-05,3.15586003e-05,3.04924051e-05,2.8561657e-05,0.000145731145,1.1236245e-05],"id":"foo","isDuringSearch":false,"moveInfos":[{"edgeVisits":7,"edgeWeight":7.0,"humanPrior":0.0847807452,"lcb":0.288507016,"move":"D5","order":0,"playSelectionValue":7.0,"prior":0.612090468,"pv":["D5","D6","D4"],"scoreLead":-1.68954319,"scoreMean":-1.68954319,"scoreSelfplay":-2.63235195,"scoreStdev":13.378037,"utility":-0.291877359,"utilityLcb":-0.481939179,"visits":7,"weight":7.0,"winrate":0.356386238},{"edgeVisits":2,"edgeWeight":2.0,"humanPrior":0.0199425146,"lcb":-0.34720539,"move":"D4","order":1,"playSelectionValue":1.0,"prior":0.310260922,"pv":["D4","D5"],"scoreLead":-2.94438857,"scoreMean":-2.94438857,"scoreSelfplay":-4.28857267,"scoreStdev":12.2481958,"utility":-0.754973082,"utilityLcb":-2.304096,"visits":2,"weight":2.0,"winrate":0.206052795}],"ownership":[-0.142169,-0.243858,-0.272976,-0.140009,0.086308,0.043381,0.127612,-0.247047,-0.176303,-0.030179,-0.233411,0.123215,0.084242,0.086467,-0.184877,-0.325595,-0.622656,0.614386,0.090022,0.131709,0.094224,-0.069468,-0.0648,0.208591,-0.030044,0.099041,0.182085,0.084689,-0.004206,0.023637,0.079321,0.066585,0.11324,0.111402,0.086181,0.036472,0.070743,0.069758,0.09954,0.071539,0.108027,0.073706,0.052517,0.055714,0.056071,0.054355,0.059737,0.072066,0.094346],"policy":[5.90559539e-05,0.000464014942,-1.0,7.61950578e-05,0.000104330204,0.000135126291,0.000122205136,0.000133477151,0.000264561007,-1.0,0.0279946737,0.000225069962,0.000139003168,0.000141953496,7.11018438e-05,0.000759935414,-1.0,0.612090468,0.019295644,0.000146504142,0.000114206297,8.7636683e-05,0.000113454109,0.00353930308,0.310260922,0.0127884233,0.000119564989,0.00011881614,9.63182974e-05,0.000180803443,0.00080827187,0.00699941069,0.000631156319,0.000136605464,0.000105863968,0.000124025217,0.000109793313,0.000141023935,0.000114052724,0.000139429219,0.000116800387,0.000113895119,0.000126400148,0.000120532859,9.44036365e-05,0.000104627929,9.91108463e-05,0.000105424202,0.000105429128,6.08757e-05],"rootInfo":{"currentPlayer":"B","humanScoreMean":-3.7547440500000002,"humanScoreStdev":19.0105741,"humanStScoreError":2.56396604,"humanStWrError":0.0267658867,"humanWinrate":0.341536388,"rawLead":-1.49701595,"rawNoResultProb":0.0,"rawScoreSelfplay":-1.6162231,"rawScoreSelfplayStdev":13.9577497,"rawStScoreError":-1.0,"rawStWrError":-0.5,"rawVarTimeLeft":-1.0,"rawWinrate":0.409201384,"scoreLead":-1.80757854,"scoreSelfplay":-2.70347327,"scoreStdev":13.3390415,"symHash":"478E9637C4E9D7DD298C5EDA99EA7431","thisHash":"90E43B353BA64F45F3186642D389E6E7","utility":-0.332081912,"visits":10,"weight":10.0,"winrate":0.345550871},"turnNumber":3}
: MoveNum: 3 HASH: 1ACE111AC9EBF428362D9F3D03459891
   A B C D E F G
 7 . . O3. . . .
 6 . . X2. . . .
 5 . . O1. . . .
 4 . . . . . . .
 3 . . . . . . .
 2 . . . . . . .
 1 . . . . . . .

koPOSITIONALscoreAREAtaxNONEsui1komi4
Root visits: 20
New playouts: 20
NN rows: 40
NN batches: 40
NN avg batch size: 1
PV: D5 D4 C4 B5 E4
Tree:
: T -46.50c W -39.92c S  -3.30c ( -3.0 L  -1.9) N      20  --  D5 D4 C4 B5 E4
---Black(^)---
D5  : T -45.79c W -38.35c S  -3.16c ( -2.9 L  -1.8) LCB  -77.75c P 61.21% WF  16.1 PSV      16 N      16  --  D5 D4 C4 B5 E4
D4  : T -60.01c W -56.25c S  -5.07c ( -4.0 L  -2.6) LCB -138.73c P 31.03% WF   2.9 PSV       3 N       3  --  D4 D5 E5

: Response: {"humanPolicy":[0.00085105293,0.127384171,-1.0,0.290727615,0.0010352697,0.000131353547,0.000182530246,0.000744956022,0.0876227096,-1.0,0.293539226,0.00309163309,0.000275493279,4.34556532e-05,0.000228278179,0.0282620732,-1.0,0.0847807452,0.0041238782,0.000126463827,3.99292076e-05,0.000125189879,0.000822850387,0.0288031511,0.0199425146,0.0027553821,7.42711927e-05,2.86806371e-05,5.41531226e-05,0.000223356401,0.0101836845,0.00428659702,0.00829406083,7.52767883e-05,2.76686533e-05,3.60528793e-05,9.99691183e-05,0.000115758194,0.000113864735,0.000100738391,0.000136638657,2.78278021e-05,0.000160323601,3.3839231e-05,3.96750438e-05,3.15586003e-05,3.04924051e-05,2.8561657e-05,0.000145731145,1.1236245e-05],"id":"foo","isDuringSearch":false,"moveInfos":[{"edgeVisits":16,"edgeWeight":16.0,"humanPrior":0.0847807452,"lcb":0.194081829,"move":"D5","order":0,"playSelectionValue":16.0,"prior":0.612090468,"pv":["D5","D4","C4","B5","E4"],"scoreLead":-1.82040641,"scoreMean":-1.82040641,"scoreSelfplay":-2.93029889,"scoreStdev":12.9008282,"utility":-0.457859134,"utilityLcb":-0.777482788,"visits":16,"weight":16.0,"winrate":0.308233134},{"edgeVisits":3,"edgeWeight":3.0,"humanPrior":0.0199425146,"lcb":-0.0623825843,"move":"D4","order":1,"playSelectionValue":3.0,"prior":0.310260922,"pv":["D4","D5","E5"],"scoreLead":-2.59038905,"scoreMean":-2.59038905,"scoreSelfplay":-3.97173214,"scoreStdev":12.1992103,"utility":-0.600103202,"utilityLcb":-1.3872723,"visits":3,"weight":3.0,"winrate":0.218749235}],"ownership":[-0.076745,-0.180073,-0.230928,-0.093141,0.035493,0.001355,0.072197,-0.175824,0.003957,0.087741,-0.183882,0.104591,0.068346,0.056489,-0.133441,-0.267325,-0.490499,0.702796,0.246049,0.129841,0.073855,-0.07158,-0.037739,0.122035,-0.085859,0.131758,0.173403,0.083124,-0.024762,-0.026832,0.033871,-0.007419,0.09322,0.100576,0.094527,0.016759,0.033097,0.015161,0.081621,0.055704,0.10511,0.090365,0.028346,0.05237,0.040722,0.04532,0.059747,0.099248,0.114559],"ownershipStdev":[0.392209,0.349335,0.347727,0.330862,0.313722,0.285425,0.239634,0.3421,0.507272,0.47183,0.472422,0.303753,0.303779,0.240401,0.274839,0.300723,0.354113,0.266491,0.250813,0.202193,0.167035,0.201943,0.219803,0.387256,0.61016,0.243314,0.168961,0.173306,0.180825,0.228623,0.263668,0.316538,0.194802,0.209368,0.166544,0.148985,0.180974,0.188989,0.18179,0.186986,0.167815,0.14479,0.132506,0.17129,0.149549,0.134602,0.129067,0.164111,0.129268],"policy":[5.90559539e-05,0.000464014942,-1.0,7.61950578e-05,0.000104330204,0.000135126291,0.000122205136,0.000133477151,0.000264561007,-1.0,0.0279946737,0.000225069962,0.000139003168,0.000141953496,7.11018438e-05,0.000759935414,-1.0,0.612090468,0.019295644,0.000146504142,0.000114206297,8.7636683e-05,0.000113454109,0.00353930308,0.310260922,0.0127884233,0.000119564989,0.00011881614,9.63182974e-05,0.000180803443,0.00080827187,0.00699941069,0.000631156319,0.000136605464,0.000105863968,0.000124025217,0.000109793313,0.000141023935,0.000114052724,0.000139429219,0.000116800387,0.000113895119,0.000126400148,0.000120532859,9.44036365e-05,0.000104627929,9.91108463e-05,0.000105424202,0.000105429128,6.08757e-05],"rootInfo":{"currentPlayer":"B","humanScoreMean":-3.7547440500000002,"humanScoreStdev":19.0105741,"humanStScoreError":2.56396604,"humanStWrError":0.0267658867,"humanWinrate":0.341536388,"rawLead":-1.49701595,"rawNoResultProb":0.0,"rawScoreSelfplay":-1.6162231,"rawScoreSelfplayStdev":13.9577497,"rawStScoreError":-1.0,"rawStWrError":-0.5,"rawVarTimeLeft":-1.0,"rawWinrate":0.409201384,"scoreLead":-1.91973428,"scoreSelfplay":-3.02081009,"scoreStdev":12.862736,"symHash":"478E9637C4E9D7DD298C5EDA99EA7431","thisHash":"90E43B353BA64F45F3186642D389E6E7","utility":-0.465833918,"visits":20,"weight":20.0,"winrate":0.299858961},"turnNumber":3}
: MoveNum: 0 HASH: 7C3EA13775959FA409A2D2A8D5377659
   A B C D E F G H J K L M N O P Q R S T
19 . . . . . . . . . . . . . . . . X . .
18 . . . . . . . . . . O . O X X X O X .
17 . . . O . X . . O . O . O X O O O O .
16 . . . O . . . . . . X X X O X X X X .
15 . . . . . . . . . . . . . O . . . . .
14 . . . O . . . . . . . . . . . . . . .
13 . . . . . . . . . . . . . . . . . . .
12 . . . . . . . . . . . . . . . . . . .
11 . . . . . . . . . . . . . . . . . . .
10 . . . . . . . . . . . . . . . . . . .
 9 . . . . . . . . . . . . . . . X . . .
 8 . O O . . O X . . . . . . . . . . . .
 7 O O O O . . . . . . . . . . . . . . .
 6 X X X X O O X . . . . . . . . . . . .
 5 X O O O X X X . . . . . . . . . . . .
 4 X X X O X . . . . . . . . . . . O . .
 3 X . X O O X X X X X . X . . . X X . .
 2 . O X O O O O O O X O X . . . . . . .
 1 X X X X O . . . . O . . . . . . . . .

koPOSITIONALscoreAREAtaxNONEsui1komi7.5
Root visits: 7
New playouts: 30
NN rows: 68
NN batches: 68
NN avg batch size: 1
PV: K16 L14 K15 M13
Tree:
: T  36.96c W  34.05c S   1.94c ( +6.8 L  +8.9) N       7  --  K16 L14 K15 M13
---White(^)---
K16 : T  36.73c W  33.53c S   1.86c ( +6.7 L  +8.8) LCB   -6.89c P 29.96% WF   4.0 PSV       4 N       4  --  K16 L14 K15 M13
R7  : T  38.89c W  35.81c S   2.36c ( +7.4 L  +9.4) LCB -111.13c P 14.36% WF   2.0 PSV       2 N       3  --  R7 R8 Q7
Q4  : T  26.49c W  26.41c S   0.99c ( +5.4 L  +7.4) LCB -1400.00c P  3.16% WF   0.0 PSV       0 N       7  --  Q4 R7 P3 P2 O2
G9  : T  34.45c W  32.53c S   1.91c ( +6.7 L  +8.3) LCB -1400.00c P  1.83% WF   0.0 PSV       0 N       1  --  G9
S3  : T  34.59c W  32.96c S   1.63c ( +6.4 L  +8.5) LCB -1400.00c P  0.70% WF   0.0 PSV       0 N       2  --  S3 S2
A2  : T -10.19c W  -6.59c S  -3.60c ( -1.2 L  +1.1) LCB -1400.00c P  0.62% WF   0.0 PSV       0 N       1  --  A2
R6  : T  33.89c W  32.03c S   1.86c ( +6.6 L  +8.5) LCB -1400.00c P  0.50% WF   0.0 PSV       0 N       1  --  R6
G7  : T  15.19c W  16.19c S  -1.00c ( +2.6 L  +4.7) LCB -1400.00c P  0.02% WF   0.0 PSV       0 N       1  --  G7
F9  : T  20.58c W  20.99c S  -0.42c ( +3.4 L  +5.0) LCB -1400.00c P  0.01% WF   0.0 PSV       0 N       1  --  F9
S4  : T  21.53c W  21.78c S  -0.25c ( +3.7 L  +5.9) LCB -1400.00c P  0.01% WF   0.0 PSV       0 N       1  --  S4

: Response: {"id":"foo","isDuringSearch":false,"moveInfos":[{"edgeVisits":4,"edgeWeight":4.0,"humanPrior":0.0369729027,"lcb":0.511869034,"move":"K16","order":0,"playSelectionValue":4.42843665,"prior":0.299649209,"pv":["K16","L14","K15","M13"],"scoreLead":8.79781711,"scoreMean":8.79781711,"scoreSelfplay":6.67217529,"scoreStdev":29.3861812,"utility":0.367279223,"utilityLcb":-0.0689305947,"visits":4,"weight":4.0,"winrate":0.667658255},{"edgeVisits":2,"edgeWeight":2.0,"humanPrior":0.0704989582,"lcb":0.143237581,"move":"R7","order":1,"playSelectionValue":2.0,"prior":0.143602043,"pv":["R7","R8","Q7"],"scoreLead":9.39454873,"scoreMean":9.39454873,"scoreSelfplay":7.38701105,"scoreStdev":29.3245477,"utility":0.388938876,"utilityLcb":-1.11129523,"visits":3,"weight":3.0,"winrate":0.679035475},{"edgeVisits":0,"edgeWeight":0.0,"humanPrior":0.196276128,"lcb":-4.36794426,"move":"Q4","order":2,"playSelectionValue":0.0,"prior":0.0315878764,"pv":["Q4","R7","P3","P2","O2"],"scoreLead":7.44649629,"scoreMean":7.44649629,"scoreSelfplay":5.44618555,"scoreStdev":30.4183454,"utility":0.264903889,"utilityLcb":-14.0,"visits":7,"weight":7.0,"winrate":0.632055743},{"edgeVisits":0,"edgeWeight":0.0,"humanPrior":0.0410674475,"lcb":-4.33733165,"move":"G9","order":3,"playSelectionValue":0.0,"prior":0.0183196962,"pv":["G9"],"scoreLead":8.32476521,"scoreMean":8.32476521,"scoreSelfplay":6.7308259,"scoreStdev":29.0534018,"utility":0.34445702,"utilityLcb":-14.0,"visits":1,"weight":1.0,"winrate":0.662668347},{"edgeVisits":0,"edgeWeight":0.0,"humanPrior":0.0667431131,"lcb":-4.33522131,"move":"S3","order":4,"playSelectionValue":0.0,"prior":0.0070363814,"pv":["S3","S2"],"scoreLead":8.50721931,"scoreMean":8.50721931,"scoreSelfplay":6.37446642,"scoreStdev":29.9663385,"utility":0.345864987,"utilityLcb":-14.0,"visits":2,"weight":2.0,"winrate":0.664778687},{"edgeVisits":0,"edgeWeight":0.0,"humanPrior":0.0245730467,"lcb":-4.53292859,"move":"A2","order":5,"playSelectionValue":0.0,"prior":0.00615402218,"pv":["A2"],"scoreLead":1.11346102,"scoreMean":1.11346102,"scoreSelfplay":-1.2291441,"scoreStdev":29.7748941,"utility":-0.101887058,"utilityLcb":-14.0,"visits":1,"weight":1.0,"winrate":0.467071414},{"edgeVisits":0,"edgeWeight":0.0,"humanPrior":0.0320390388,"lcb":-4.33984709,"move":"R6","order":6,"playSelectionValue":0.0,"prior":0.00500496011,"pv":["R6"],"scoreLead":8.54109859,"scoreMean":8.54109859,"scoreSelfplay":6.62220716,"scoreStdev":28.4215735,"utility":0.338885866,"utilityLcb":-14.0,"visits":1,"weight":1.0,"winrate":0.660152912},{"edgeVisits":0,"edgeWeight":0.0,"humanPrior":0.0372956283,"lcb":-4.41905779,"move":"G7","order":7,"playSelectionValue":0.0,"prior":0.000152148568,"pv":["G7"],"scoreLead":4.65331364,"scoreMean":4.65331364,"scoreSelfplay":2.5734756,"scoreStdev":29.3908113,"utility":0.151911941,"utilityLcb":-14.0,"visits":1,"weight":1.0,"winrate":0.580942214},{"edgeVisits":0,"edgeWeight":0.0,"humanPrior":0.0294175632,"lcb":-4.39503533,"move":"F9","order":8,"playSelectionValue":0.0,"prior":0.000124999773,"pv":["F9"],"scoreLead":4.98847437,"scoreMean":4.98847437,"scoreSelfplay":3.41711903,"scoreStdev":28.9211078,"utility":0.205768892,"utilityLcb":-14.0,"visits":1,"weight":1.0,"winrate":0.604964674},{"edgeVisits":0,"edgeWeight":0.0,"humanPrior":0.0254612062,"lcb":-4.39111316,"move":"S4","order":9,"playSelectionValue":0.0,"prior":7.53730419e-05,"pv":["S4"],"scoreLead":5.91107655,"scoreMean":5.91107655,"scoreSelfplay":3.65521336,"scoreStdev":29.0770547,"utility":0.215305931,"utilityLcb":-14.0,"visits":1,"weight":1.0,"winrate":0.608886838},{"edgeVisits":0,"edgeWeight":0.0,"humanPrior":0.063257955,"lcb":-4.47383875,"move":"L3","order":10,"playSelectionValue":0.0,"prior":4.15763898e-05,"pv":["L3","L4"],"scoreLead":2.22662425,"scoreMean":2.22662425,"scoreSelfplay":0.172669813,"scoreStdev":29.9178522,"utility":0.0259898656,"utilityLcb":-14.0,"visits":2,"weight":2.0,"winrate":0.526161253},{"edgeVisits":0,"edgeWeight":0.0,"humanPrior":0.0476166792,"lcb":-4.54466985,"move":"M1","order":11,"playSelectionValue":0.0,"prior":2.34301406e-05,"pv":["M1"],"scoreLead":0.336423665,"scoreMean":0.336423665,"scoreSelfplay":-1.91004014,"scoreStdev":29.6124792,"utility":-0.130167469,"utilityLcb":-14.0,"visits":1,"weight":1.0,"winrate":0.455330148},{"edgeVisits":0,"edgeWeight":0.0,"humanPrior":0.043335259,"lcb":-4.54907505,"move":"L1","order":12,"playSelectionValue":0.0,"prior":1.39781723e-05,"pv":["L1"],"scoreLead":0.406795084,"scoreMean":0.406795084,"scoreSelfplay":-1.81142259,"scoreStdev":29.6096429,"utility":-0.138305615,"utilityLcb":-14.0,"visits":1,"weight":1.0,"winrate":0.450924948},{"edgeVisits":0,"edgeWeight":0.0,"humanPrior":0.0246800892,"lcb":-4.56237507,"move":"J1","order":13,"playSelectionValue":0.0,"prior":6.92894901e-06,"pv":["J1"],"scoreLead":-0.0950786322,"scoreMean":-0.0950786322,"scoreSelfplay":-2.14377308,"scoreStdev":29.3508919,"utility":-0.167424909,"utilityLcb":-14.0,"visits":1,"weight":1.0,"winrate":0.437624931}],"rootInfo":{"currentPlayer":"W","humanScoreMean":28.7761803,"humanScoreStdev":53.3557905,"humanStScoreError":5.88358259,"humanStWrError":0.210925847,"humanWinrate":0.690225601,"rawLead":8.56680107,"rawNoResultProb":0.0,"rawScoreSelfplay":6.07295275,"rawScoreSelfplayStdev":30.5714672,"rawStScoreError":-1.0,"rawStWrError":-0.5,"rawVarTimeLeft":-1.0,"rawWinrate":0.662818477,"scoreLead":8.93530957,"scoreSelfplay":6.79081086,"scoreStdev":29.544025,"symHash":"1A326E1983022DB5AB1F2B942BB7BC2D","thisHash":"AFFF600595A143143082974D1DEECB2A","utility":0.369535239,"visits":7,"weight":7.0,"winrate":0.670217492},"turnNumber":0}
: tests/models/g170-b6c96-s175395328-d26788732.bin.gz
: NN rows: 68
: NN batches: 68
: NN avg batch size: 1
: models/b18c384nbt-humanv0.bin.gz
: NN rows: 4
: NN batches: 4
: NN avg batch size: 1
: GPU -1 finishing, processed 68 rows 68 batches
: GPU -1 finishing, processed 4 rows 4 batches
: All cleaned up, quitting
