{"id":"pvvisittest","isDuringSearch":false,"moveInfos":[{"edgeVisits":627,"edgeWeight":618.686383,"lcb":0.591928408,"move":"F5","order":0,"playSelectionValue":618.686383,"prior":0.176965386,"pv":["F5","F4","F3","F6","E3","E6","B5","G5","B6","C4","B4","G3","F2","G2","B7","F1"],"pvEdgeVisits":[627,235,181,146,87,69,58,55,53,25,12,9,5,3,2,1],"pvVisits":[627,235,181,146,87,69,58,55,53,25,12,9,5,3,2,1],"scoreLead":1.46355895,"scoreMean":1.46355895,"scoreSelfplay":1.62925093,"scoreStdev":9.34625498,"utility":0.218477765,"utilityLcb":0.119404701,"visits":627,"weight":618.686383,"winrate":0.627311645},{"edgeVisits":159,"edgeWeight":158.949998,"lcb":0.447296295,"move":"F4","order":1,"playSelectionValue":88.0,"prior":0.402600557,"pv":["F4","C4","C3","B5","B4","F5","E3","E6","C5","E4","B6","C4","E5"],"pvEdgeVisits":[159,120,107,102,79,28,17,14,6,5,3,2,1],"pvVisits":[159,120,107,102,79,28,17,14,6,5,3,2,1],"scoreLead":0.206576491,"scoreMean":0.206576491,"scoreSelfplay":0.2047035,"scoreStdev":9.49165075,"utility":-0.0211445185,"utilityLcb":-0.226782616,"visits":159,"weight":158.949998,"winrate":0.520738473},{"edgeVisits":75,"edgeWeight":74.9564019,"lcb":0.361101506,"move":"E6","order":2,"playSelectionValue":56.0,"prior":0.385828495,"pv":["E6","F4","F5","C4","B5","C3","E3","B6"],"pvEdgeVisits":[75,32,21,13,9,7,3,1],"pvVisits":[75,32,21,13,9,7,3,1],"scoreLead":-0.720338329,"scoreMean":-0.720338329,"scoreSelfplay":-0.476724717,"scoreStdev":15.7024267,"utility":-0.15206012,"utilityLcb":-0.410910636,"visits":75,"weight":74.9564019,"winrate":0.453548119},{"edgeVisits":136,"edgeWeight":135.433662,"lcb":0.538256496,"move":"E3","order":3,"playSelectionValue":23.0,"prior":0.02454146,"pv":["E3","F4","F5","F6","F3","E6","B5","G5","B6","G3","F2","B7","G2","A6"],"pvEdgeVisits":[136,76,72,62,46,34,18,17,15,13,7,3,2,1],"pvVisits":[136,76,72,62,46,34,18,17,15,13,7,3,2,1],"scoreLead":0.805133742,"scoreMean":0.805133742,"scoreSelfplay":0.853366492,"scoreStdev":7.03455412,"utility":0.176267255,"utilityLcb":-0.0128601698,"visits":136,"weight":135.433662,"winrate":0.605802004},{"edgeVisits":1,"edgeWeight":1.0,"lcb":-1.10796356,"move":"B5","order":4,"playSelectionValue":0.0,"prior":0.00792722125,"pv":["B5"],"pvEdgeVisits":[1],"pvVisits":[1],"scoreLead":-4.31707621,"scoreMean":-4.31707621,"scoreSelfplay":-4.92623758,"scoreStdev":10.3025952,"utility":-0.854210708,"utilityLcb":-4.35421073,"visits":1,"weight":1.0,"winrate":0.142036445},{"edgeVisits":1,"edgeWeight":1.0,"lcb":-1.1040134,"move":"B6","order":5,"playSelectionValue":0.0,"prior":0.000405515049,"pv":["B6"],"pvEdgeVisits":[1],"pvVisits":[1],"scoreLead":-3.13026214,"scoreMean":-3.13026214,"scoreSelfplay":-4.92319059,"scoreStdev":12.387275,"utility":-0.832262124,"utilityLcb":-4.33226214,"visits":1,"weight":1.0,"winrate":0.145986609}],"rootInfo":{"currentPlayer":"B","rawLead":2.50495934,"rawNoResultProb":0.0,"rawScoreSelfplay":3.9184072,"rawScoreSelfplayStdev":9.33080184,"rawStScoreError":-1.0,"rawStWrError":-0.5,"rawVarTimeLeft":-1.0,"rawWinrate":0.799022734,"scoreLead":1.14956459,"scoreSelfplay":1.3002113,"scoreStdev":9.91683767,"symHash":"10155F672C0B5682E08EB339027AD849","thisHash":"E2B811FEE059E65F93697CB1DE35B543","utility":0.164579532,"visits":1000,"weight":990.830583888664,"winrate":0.602610306},"turnNumber":8}
{"id":"pvvisittest","isDuringSearch":false,"moveInfos":[{"edgeVisits":785,"edgeWeight":780.706172,"lcb":0.65230349,"move":"C3","order":0,"playSelectionValue":780.706172,"prior":0.0962024257,"pv":["C3","E6","F1","B5","B6","D7","A6","F3","C7","E7","A4","G2","E1","G1","B3","pass"],"pvEdgeVisits":[785,522,501,390,388,120,92,75,70,57,21,16,13,10,7,6],"pvVisits":[785,522,501,390,388,120,92,75,70,57,21,16,13,10,7,6],"scoreLead":1.25093543,"scoreMean":1.25093543,"scoreSelfplay":1.32817804,"scoreStdev":9.64760099,"utility":0.356092838,"utilityLcb":0.280305192,"visits":785,"weight":780.706172,"winrate":0.679370506},{"edgeVisits":101,"edgeWeight":100.872059,"lcb":0.469577493,"move":"F1","order":1,"playSelectionValue":47.0,"prior":0.26197353,"pv":["F1","E6","B5","B2","C2","B3","F3","D7","C7","E7"],"pvEdgeVisits":[101,60,55,49,21,14,10,3,2,1],"pvVisits":[101,60,55,49,21,14,10,3,2,1],"scoreLead":0.716939314,"scoreMean":0.716939314,"scoreSelfplay":0.70528133,"scoreStdev":17.2414901,"utility":0.0602392259,"utilityLcb":-0.157562641,"visits":101,"weight":100.872059,"winrate":0.547363874},{"edgeVisits":78,"edgeWeight":78.0,"lcb":0.398107946,"move":"B2","order":2,"playSelectionValue":31.0,"prior":0.195831671,"pv":["B2","E6","B5","D7","C7","E7","F1","A6","A4","A5"],"pvEdgeVisits":[78,68,63,35,27,18,12,5,2,1],"pvVisits":[78,68,63,35,27,18,12,5,2,1],"scoreLead":0.112416948,"scoreMean":0.112416948,"scoreSelfplay":0.0631957876,"scoreStdev":10.0845107,"utility":0.021628375,"utilityLcb":-0.354870246,"visits":78,"weight":78.0,"winrate":0.532571739},{"edgeVisits":15,"edgeWeight":15.0,"lcb":0.0889277873,"move":"E6","order":3,"playSelectionValue":10.0,"prior":0.205003202,"pv":["E6","C3","C2","B2","F1","F3","B1"],"pvEdgeVisits":[15,11,6,5,3,2,1],"pvVisits":[15,11,6,5,3,2,1],"scoreLead":-6.94398646,"scoreMean":-6.94398646,"scoreSelfplay":-6.64753598,"scoreStdev":16.4312323,"utility":-0.675901545,"utilityLcb":-1.14907914,"visits":15,"weight":15.0,"winrate":0.257919787},{"edgeVisits":9,"edgeWeight":9.0,"lcb":0.158760274,"move":"B5","order":4,"playSelectionValue":5.0,"prior":0.103324503,"pv":["B5","B2","C2","B3","F1","F3"],"pvEdgeVisits":[9,8,4,3,2,1],"pvVisits":[9,8,4,3,2,1],"scoreLead":-5.89393274,"scoreMean":-5.89393274,"scoreSelfplay":-6.11950252,"scoreStdev":17.7067492,"utility":-0.590857787,"utilityLcb":-0.842629576,"visits":9,"weight":9.0,"winrate":0.24867877},{"edgeVisits":8,"edgeWeight":8.0,"lcb":0.0371862715,"move":"B3","order":5,"playSelectionValue":5.0,"prior":0.124847688,"pv":["B3","C3","C2","B2","F1"],"pvEdgeVisits":[8,7,3,2,1],"pvVisits":[8,7,3,2,1],"scoreLead":-9.08158263,"scoreMean":-9.08158263,"scoreSelfplay":-10.6984204,"scoreStdev":17.1115137,"utility":-0.883598841,"utilityLcb":-1.46482418,"visits":8,"weight":8.0,"winrate":0.24476675},{"edgeVisits":1,"edgeWeight":1.0,"lcb":-0.984935007,"move":"F3","order":6,"playSelectionValue":0.0,"prior":0.0093508726,"pv":["F3"],"pvEdgeVisits":[1],"pvVisits":[1],"scoreLead":-4.40907907,"scoreMean":-4.40907907,"scoreSelfplay":-4.69520855,"scoreStdev":14.6438342,"utility":-0.573374275,"utilityLcb":-4.07337429,"visits":1,"weight":1.0,"winrate":0.265064999},{"edgeVisits":1,"edgeWeight":1.0,"lcb":-1.03020903,"move":"G2","order":7,"playSelectionValue":0.0,"prior":0.00097869942,"pv":["G2"],"pvEdgeVisits":[1],"pvVisits":[1],"scoreLead":-5.69712353,"scoreMean":-5.69712353,"scoreSelfplay":-6.53461885,"scoreStdev":14.8006154,"utility":-0.688659477,"utilityLcb":-4.1886595,"visits":1,"weight":1.0,"winrate":0.219790973},{"edgeVisits":1,"edgeWeight":1.0,"lcb":-1.14875592,"move":"F6","order":8,"playSelectionValue":0.0,"prior":0.000808851677,"pv":["F6"],"pvEdgeVisits":[1],"pvVisits":[1],"scoreLead":-12.0079832,"scoreMean":-12.0079832,"scoreSelfplay":-13.8820801,"scoreStdev":17.5412446,"utility":-0.994288892,"utilityLcb":-4.49428891,"visits":1,"weight":1.0,"winrate":0.101244085}],"rootInfo":{"currentPlayer":"B","rawLead":1.90419626,"rawNoResultProb":8.2588238e-05,"rawScoreSelfplay":3.37562346,"rawScoreSelfplayStdev":12.2519643,"rawStScoreError":-1.0,"rawStWrError":-0.5,"rawVarTimeLeft":-1.0,"rawWinrate":0.689543992,"scoreLead":0.990536232,"scoreSelfplay":1.05129959,"scoreStdev":10.5175615,"symHash":"0CAA03496D1088226717248B65E75E44","thisHash":"3F4A5C26F80BC4C79F44AC7833E26F3F","utility":0.304389909,"visits":1000,"weight":995.5782308856125,"winrate":0.657447408},"turnNumber":14}
