= 

=
info move K16 visits 4 edgeVisits 4 utility 0.248006 winrate 0.619908 scoreMean 1.40093 scoreStdev 16.5324 scoreLead 1.40093 scoreSelfplay 1.86372 prior 0.253913 lcb 0.424479 utilityLcb -0.260107 weight 4 order 0 pv K16 F9 F7 info move J15 visits 5 edgeVisits 5 utility 0.258182 winrate 0.624476 scoreMean 1.51134 scoreStdev 16.9377 scoreLead 1.51134 scoreSelfplay 2.11661 prior 0.194069 lcb 0.459144 utilityLcb -0.171682 weight 5 order 1 pv J15 F9 F7 info move Q4 visits 11 edgeVisits 0 utility -0.0977103 winrate 0.453559 scoreMean -0.671423 scoreStdev 17.2528 scoreLead -0.671423 scoreSelfplay -1.12524 prior 0.0207002 lcb -4.54644 utilityLcb -13 weight 11 order 2 pv Q4 J16 H17 R6 info move R7 visits 4 edgeVisits 0 utility 0.0141998 winrate 0.507476 scoreMean -0.0134826 scoreStdev 16.4172 scoreLead -0.0134826 scoreSelfplay -0.185125 prior 0.0893424 lcb -4.49252 utilityLcb -13 weight 4 order 3 pv R7 R8 Q7 info move S3 visits 2 edgeVisits 0 utility -0.146226 winrate 0.430526 scoreMean -1.18367 scoreStdev 16.9412 scoreLead -1.18367 scoreSelfplay -1.70304 prior 0.0087584 lcb -4.56947 utilityLcb -13 weight 2 order 4 pv S3 F9 info move S4 visits 1 edgeVisits 0 utility -0.772964 winrate 0.130399 scoreMean -7.63778 scoreStdev 18.7116 scoreLead -7.63778 scoreSelfplay -8.00319 prior 1.67207e-05 lcb -4.8696 utilityLcb -13 weight 1 order 5 pv S4 info move R6 visits 1 edgeVisits 0 utility -0.289968 winrate 0.360241 scoreMean -1.6823 scoreStdev 17.8696 scoreLead -1.6823 scoreSelfplay -2.43287 prior 0.00170988 lcb -4.63976 utilityLcb -13 weight 1 order 6 pv R6 info move R8 visits 1 edgeVisits 0 utility -0.209823 winrate 0.398639 scoreMean -1.06024 scoreStdev 17.584 scoreLead -1.06024 scoreSelfplay -1.64668 prior 0.0620775 lcb -4.60136 utilityLcb -13 weight 1 order 7 pv R8
play Q4

