= Q16

= D16

= R4

= D4

= F17

= F16

= G16

= E17

= F18

= F15

= symmetry 0
whiteWin 0.499215
whiteLoss 0.500766
noResult 0.000020
whiteScore 1.094
whiteScoreSq 1848.532
shorttermWinlossError 0.236
shorttermScoreError 2.792
policy
0.000001 0.000001 0.002206 0.001344 0.000117 0.000027 0.000003 0.000001 0.000001 0.000001 0.000000 0.000000 0.000000 0.000000 0.000000 0.000000 0.000000 0.000000 0.000001 
0.000000 0.000003 0.002994 0.038473 0.082304     NAN 0.000025 0.000474 0.000127 0.000084 0.000018 0.000007 0.000004 0.000002 0.000005 0.000006 0.000005 0.000001 0.000000 
0.000000 0.000094 0.028783 0.000477     NAN     NAN 0.002694 0.049986 0.030050 0.054636 0.018708 0.004241 0.002596 0.001592 0.000032 0.000027 0.000154 0.000003 0.000000 
0.000000 0.001099 0.000747     NAN 0.000036     NAN     NAN 0.037293 0.020975 0.057129 0.012009 0.003407 0.000802 0.000157 0.000003     NAN 0.000010 0.000001 0.000000 
0.000000 0.000488 0.006363 0.000456 0.000557     NAN 0.434341 0.002990 0.001431 0.000803 0.000110 0.000044 0.000019 0.000007 0.000004 0.000002 0.000009 0.000001 0.000000 
0.000000 0.000064 0.023426 0.004075 0.000207 0.000111 0.000611 0.000734 0.000040 0.000016 0.000005 0.000004 0.000003 0.000002 0.000004 0.000040 0.000296 0.000001 0.000000 
0.000000 0.000008 0.004667 0.002381 0.000060 0.000052 0.000035 0.000015 0.000003 0.000003 0.000001 0.000001 0.000001 0.000001 0.000004 0.000078 0.000203 0.000000 0.000000 
0.000000 0.000004 0.001454 0.000794 0.000013 0.000008 0.000003 0.000002 0.000001 0.000002 0.000001 0.000001 0.000001 0.000001 0.000002 0.000025 0.000049 0.000000 0.000000 
0.000000 0.000003 0.001850 0.000537 0.000005 0.000001 0.000001 0.000001 0.000001 0.000003 0.000001 0.000001 0.000001 0.000001 0.000003 0.000062 0.000120 0.000000 0.000000 
0.000000 0.000006 0.007727 0.008913 0.000027 0.000002 0.000001 0.000002 0.000003 0.000165 0.000003 0.000001 0.000001 0.000002 0.000018 0.003112 0.001191 0.000001 0.000000 
0.000000 0.000002 0.000778 0.000176 0.000003 0.000001 0.000000 0.000001 0.000001 0.000004 0.000001 0.000000 0.000000 0.000001 0.000002 0.000073 0.000082 0.000000 0.000000 
0.000000 0.000001 0.000106 0.000027 0.000001 0.000001 0.000001 0.000001 0.000000 0.000001 0.000000 0.000000 0.000000 0.000001 0.000001 0.000024 0.000023 0.000001 0.000000 
0.000000 0.000001 0.000461 0.000123 0.000003 0.000001 0.000001 0.000000 0.000000 0.000001 0.000000 0.000000 0.000001 0.000001 0.000002 0.000034 0.000056 0.000001 0.000000 
0.000000 0.000006 0.010176 0.000908 0.000012 0.000003 0.000001 0.000000 0.000000 0.000001 0.000000 0.000000 0.000001 0.000001 0.000003 0.000023 0.000004 0.000001 0.000000 
0.000000 0.000011 0.000302 0.000030 0.000027 0.000014 0.000002 0.000001 0.000001 0.000003 0.000001 0.000001 0.000002 0.000009 0.000020 0.000003 0.000002 0.000000 0.000000 
0.000000 0.000074 0.000093     NAN 0.000019 0.000643 0.000082 0.000015 0.000029 0.000797 0.000052 0.000021 0.000077 0.001144 0.000508 0.000002     NAN 0.000000 0.000000 
0.000000 0.000003 0.001183 0.000046 0.000192 0.006950 0.000201 0.000024 0.000061 0.000397 0.000111 0.000048 0.000128 0.002391 0.004162 0.000020 0.000001 0.000000 0.000000 
0.000000 0.000001 0.000002 0.000036 0.000004 0.000005 0.000001 0.000001 0.000000 0.000000 0.000000 0.000000 0.000001 0.000002 0.000004 0.000002 0.000001 0.000001 0.000000 
0.000001 0.000000 0.000000 0.000000 0.000000 0.000000 0.000000 0.000000 0.000000 0.000000 0.000000 0.000000 0.000000 0.000000 0.000000 0.000000 0.000000 0.000000 0.000001 
policyPass 0.000000 
whiteOwnership
0.4155701 0.3696939 0.2815233 0.1901497 -0.1753716 -0.4095021 -0.6210942 -0.6417039 -0.5651205 -0.4388276 -0.2547709 -0.1315522 -0.1094537 -0.1672060 -0.2366472 -0.2253635 -0.2600360 -0.2642433 -0.2712580 
0.4475077 0.4813563 0.4948364 0.4773409 0.2737952 -0.8361461 -0.6757131 -0.6736063 -0.5478244 -0.4318444 -0.2614069 -0.1439444 -0.1216537 -0.1536619 -0.3085043 -0.2973633 -0.2936858 -0.2630126 -0.2506446 
0.4665847 0.5207877 0.6184574 0.6400955 0.9092597 -0.7802247 -0.7280258 -0.6374182 -0.5469623 -0.4522144 -0.2843861 -0.1844287 -0.1329989 -0.1996684 -0.4391222 -0.5047740 -0.3725357 -0.2854920 -0.2402776 
0.4396559 0.5528916 0.6410919 0.9414763 0.8917598 0.9158881 -0.8062669 -0.5961320 -0.4443317 -0.3622864 -0.2167725 -0.1362325 -0.1074908 -0.2166789 -0.3864720 -0.8978978 -0.4943475 -0.2930292 -0.2306684 
0.3718956 0.4345754 0.5746839 0.6522485 0.7245301 0.8720455 -0.2740021 -0.2622891 -0.2849538 -0.2204302 -0.1353484 -0.0979754 -0.0785894 -0.1346515 -0.2838943 -0.3879319 -0.4823524 -0.3031206 -0.2464377 
0.2615950 0.3101796 0.3717264 0.5001423 0.5527883 0.4246526 0.1551456 -0.1269656 -0.1374303 -0.0820324 -0.0433186 -0.0096913 -0.0013136 -0.0518779 -0.1457077 -0.2407465 -0.2127202 -0.1930200 -0.2083832 
0.1368048 0.1668052 0.2693759 0.3519957 0.3708436 0.2965980 0.1225372 -0.0235010 -0.0478478 -0.0122916 0.0011323 0.0011825 -0.0118380 -0.0207210 -0.0772999 -0.1207475 -0.1651859 -0.1103176 -0.1102889 
0.0609388 0.0950700 0.1668179 0.2313722 0.2650738 0.2346971 0.1272403 0.0237342 0.0044781 0.0085768 0.0027217 -0.0058918 -0.0208443 -0.0079715 -0.0547320 -0.0756549 -0.1014304 -0.0552420 0.0019340 
0.0103080 0.0583272 0.0854166 0.1146765 0.1456990 0.1293829 0.0782604 0.0267197 0.0170911 0.0095666 0.0012237 -0.0043145 -0.0129603 0.0167291 0.0093807 -0.0151365 -0.0348946 -0.0004687 0.0452162 
-0.0185174 0.0272737 0.0171264 0.1057184 0.0577819 0.0567185 0.0325289 -0.0038124 0.0058497 0.0187632 0.0037640 -0.0078506 -0.0096866 0.0131603 -0.0115506 -0.0641350 -0.0387082 -0.0463152 0.0113367 
-0.0249070 0.0305696 0.0372030 0.0400731 0.0577556 0.0359493 0.0152391 -0.0068933 -0.0085572 -0.0024538 -0.0201570 -0.0094024 -0.0167121 0.0057799 -0.0047506 -0.0568945 -0.0739528 -0.0688854 -0.0154775 
-0.0206723 0.0146569 0.0900729 0.0775898 0.0623675 0.0340343 0.0121573 -0.0125435 -0.0258797 -0.0146597 -0.0217712 -0.0213851 -0.0276859 -0.0068747 -0.0295213 -0.1117517 -0.1490094 -0.1485022 -0.0958689 
0.0218550 0.0318013 0.1344828 0.1444859 0.1153110 0.0636029 0.0303786 0.0064722 -0.0131019 0.0004272 -0.0189580 -0.0288967 -0.0337492 -0.0018093 -0.0171874 -0.1456661 -0.2144011 -0.2198130 -0.2098326 
0.0989305 0.0758925 0.1469452 0.2484497 0.1840455 0.0969886 0.0586357 0.0298427 0.0062850 0.0106021 -0.0056056 -0.0114175 -0.0051749 0.0228177 -0.0140723 -0.2066739 -0.2886367 -0.3256918 -0.3168421 
0.1278070 0.1733166 0.3224892 0.3673382 0.2725218 0.1745944 0.1107857 0.0654442 0.0338553 0.0227686 0.0255856 0.0393053 0.0345250 0.0186695 -0.0697665 -0.2511297 -0.4062898 -0.5141782 -0.4526923 
0.1410978 0.2048078 0.4247209 0.8887275 0.3618608 0.1955164 0.1442839 0.0666611 0.0217937 0.0162975 0.0171595 0.0454925 0.0320375 0.0191663 -0.0864565 -0.3331717 -0.9060347 -0.6711220 -0.5559084 
0.1362484 0.1929371 0.2793535 0.4065186 0.3630367 0.1135168 0.1608849 0.0874557 0.0204270 -0.0077130 0.0105806 0.0653678 0.0173947 -0.0629631 -0.1776800 -0.4050500 -0.5224892 -0.6060202 -0.5735637 
0.1769531 0.1555713 0.2166493 0.2197529 0.1889668 0.0995496 0.0712387 0.0341152 0.0123868 -0.0080341 -0.0023700 0.0298980 0.0139905 -0.0803933 -0.1731938 -0.3272078 -0.4674190 -0.5339595 -0.5650020 
0.2079038 0.1773694 0.1671279 0.1637462 0.1686951 0.1211960 0.0785840 0.0311002 -0.0009085 -0.0074448 0.0138626 0.0324022 0.0129211 -0.0685134 -0.1544745 -0.3148130 -0.4032225 -0.4870207 -0.5388658

= {"allowResignation":"true","analysisIgnorePreRootHistory":"false","analysisWideRootNoise":"0.04","antiMirror":"false","chosenMovePrune":0.0,"chosenMoveSubtract":0.0,"chosenMoveTemperature":0.7,"chosenMoveTemperatureEarly":0.85,"chosenMoveTemperatureHalflife":80.0,"chosenMoveTemperatureOnlyBelowProb":0.01,"conservativePass":true,"cpuctExploration":1.0,"cpuctExplorationBase":500.0,"cpuctExplorationLog":0.45,"cpuctUtilityStdevPrior":0.4,"cpuctUtilityStdevPriorWeight":2.0,"cpuctUtilityStdevScale":0.85,"delayMoveMax":"10","delayMoveScale":"2","drawEquivalentWinsForWhite":0.5,"dynamicScoreCenterScale":0.75,"dynamicScoreCenterZeroWeight":0.2,"dynamicScoreUtilityFactor":0.0,"enableMorePassingHacks":true,"enablePassingHacks":true,"endgameTurnTimeDecay":100.0,"fillDameBeforePass":true,"fpuLossProp":0.0,"fpuParentWeight":0.0,"fpuParentWeightByVisitedPolicy":true,"fpuParentWeightByVisitedPolicyPow":2.0,"fpuReductionMax":0.2,"futileVisitsThreshold":0.0,"genmoveAntiMirror":"true","graphSearchCatchUpLeakProb":0.0,"graphSearchRepBound":11,"humanSLChosenMoveIgnorePass":true,"humanSLChosenMovePiklLambda":100000000.0,"humanSLChosenMoveProp":1.0,"humanSLCpuctExploration":0.5,"humanSLCpuctPermanent":0.2,"humanSLOppExploreProbWeightful":0.0,"humanSLOppExploreProbWeightless":0.0,"humanSLPlaExploreProbWeightful":0.0,"humanSLPlaExploreProbWeightless":0.0,"humanSLProfile":"preaz_12k","humanSLRootExploreProbWeightful":0.0,"humanSLRootExploreProbWeightless":0.0,"ignoreAllHistory":false,"ignorePreRootHistory":false,"lagBuffer":1.0,"lcbStdevs":5.0,"maxPlayouts":1125899906842624,"maxPlayoutsPondering":1125899906842624,"maxTime":1e+20,"maxTimePondering":1e+20,"maxVisits":40,"maxVisitsPondering":1125899906842624,"midgameTimeFactor":1.0,"midgameTurnPeakTime":130.0,"minPlayoutsPerThread":8.0,"minVisitPropForLCB":0.15,"nnPolicyTemperature":1.0,"noResultUtilityForWhite":0.0,"noisePruneUtilityScale":0.15,"noisePruningCap":1e+50,"numSearchThreads":1,"numVirtualLossesPerThread":1.0,"obviousMovesPolicyEntropyTolerance":0.3,"obviousMovesPolicySurpriseTolerance":0.15,"obviousMovesTimeFactor":1.0,"overallocateTimeFactor":1.0,"playoutDoublingAdvantage":0.0,"playoutDoublingAdvantagePla":"E","policyOptimism":1.0,"ponderingEnabled":"false","rootDesiredPerChildVisitsCoeff":0.0,"rootDirichletNoiseTotalConcentration":10.83,"rootDirichletNoiseWeight":0.25,"rootEndingBonusPoints":0.5,"rootFpuLossProp":0.0,"rootFpuReductionMax":0.1,"rootNoiseEnabled":false,"rootNumSymmetriesToSample":2,"rootPolicyOptimism":0.2,"rootPolicyTemperature":1.0,"rootPolicyTemperatureEarly":1.0,"rootPruneUselessMoves":true,"rootSymmetryPruning":true,"searchFactorAfterOnePass":1.0,"searchFactorAfterTwoPass":1.0,"staticScoreUtilityFactor":0.3,"subtreeValueBiasFactor":0.0,"subtreeValueBiasFreeProp":0.8,"subtreeValueBiasTableNumShards":65536,"subtreeValueBiasWeightExponent":0.85,"treeReuseCarryOverTimeFactor":0.0,"uncertaintyCoeff":0.25,"uncertaintyExponent":1.0,"uncertaintyMaxWeight":8.0,"useGraphSearch":true,"useLcbForSelection":false,"useNoisePruning":false,"useNonBuggyLcb":true,"useUncertainty":false,"valueWeightExponent":0.25,"wideRootNoise":0.0,"winLossUtilityFactor":1.0}

= preaz_12k

= 

= E18

= C17

= G15

= G14

= H14

= H13

= J13

= G13

= preaz_5d

