=
info move E5 visits 477 edgeVisits 477 utility -0.795224 winrate 0.107497 scoreMean -0.763007 scoreStdev 7.67823 scoreLead -0.763007 scoreSelfplay -1.87204 prior 0.581213 lcb 0.102211 utilityLcb -0.810027 weight 793.479 order 0 pv E5 E3 C4 D7 F7 C6 F3 F2 G3 E4 F5 D5 D2 E2 info move F5 visits 21 edgeVisits 21 utility -0.82113 winrate 0.0996653 scoreMean -0.597868 scoreStdev 6.90681 scoreLead -0.597868 scoreSelfplay -1.73758 prior 0.0861474 lcb 0.0857821 utilityLcb -0.860003 weight 39.1548 order 1 pv F5 D5 E7 D3 C6 C5 B6 H5 G5 info move D5 visits 21 edgeVisits 21 utility -0.82113 winrate 0.0996653 scoreMean -0.597868 scoreStdev 6.90681 scoreLead -0.597868 scoreSelfplay -1.73758 prior 0.0861474 lcb 0.0857821 utilityLcb -0.860003 weight 39.1548 isSymmetryOf F5 order 2 pv D5 F5 E7 F3 G6 G5 H6 B5 C5 info move E4 visits 21 edgeVisits 21 utility -0.82113 winrate 0.0996653 scoreMean -0.597868 scoreStdev 6.90681 scoreLead -0.597868 scoreSelfplay -1.73758 prior 0.0861474 lcb 0.0857821 utilityLcb -0.860003 weight 39.1548 isSymmetryOf F5 order 3 pv E4 E6 C5 G6 D7 E7 D8 E2 E3 info move E6 visits 21 edgeVisits 21 utility -0.82113 winrate 0.0996653 scoreMean -0.597868 scoreStdev 6.90681 scoreLead -0.597868 scoreSelfplay -1.73758 prior 0.0861474 lcb 0.0857821 utilityLcb -0.860003 weight 39.1548 isSymmetryOf F5 order 4 pv E6 E4 C5 G4 D3 E3 D2 E8 E7 info move F6 visits 1 edgeVisits 1 utility -0.830072 winrate 0.0879542 scoreMean -0.279423 scoreStdev 5.08728 scoreLead -0.279423 scoreSelfplay -1.55036 prior 0.00725093 lcb -1.16205 utilityLcb -4.33007 weight 2.30508 order 5 pv F6 info move F4 visits 1 edgeVisits 1 utility -0.830072 winrate 0.0879542 scoreMean -0.279423 scoreStdev 5.08728 scoreLead -0.279423 scoreSelfplay -1.55036 prior 0.00725093 lcb -1.16205 utilityLcb -4.33007 weight 2.30508 isSymmetryOf F6 order 6 pv F4 info move D6 visits 1 edgeVisits 1 utility -0.830072 winrate 0.0879542 scoreMean -0.279423 scoreStdev 5.08728 scoreLead -0.279423 scoreSelfplay -1.55036 prior 0.00725093 lcb -1.16205 utilityLcb -4.33007 weight 2.30508 isSymmetryOf F6 order 7 pv D6 info move D4 visits 1 edgeVisits 1 utility -0.830072 winrate 0.0879542 scoreMean -0.279423 scoreStdev 5.08728 scoreLead -0.279423 scoreSelfplay -1.55036 prior 0.00725093 lcb -1.16205 utilityLcb -4.33007 weight 2.30508 isSymmetryOf F6 order 8 pv D4
play E5

=
info move E5 visits 477 edgeVisits 477 utility -0.794905 winrate 0.107496 scoreMean -0.762959 scoreStdev 7.67821 scoreLead -0.762959 scoreSelfplay -1.87202 prior 0.581213 lcb 0.102257 utilityLcb -0.809572 weight 793.494 order 0 pv E5 E7 C6 D3 F3 C4 F7 F8 G7 E6 F5 D5 D8 E8 info move F5 visits 21 edgeVisits 21 utility -0.821449 winrate 0.0996653 scoreMean -0.597871 scoreStdev 6.9068 scoreLead -0.597871 scoreSelfplay -1.73758 prior 0.0861474 lcb 0.085781 utilityLcb -0.860325 weight 39.1551 order 1 pv F5 D5 E7 D3 C6 C5 B6 H5 G5 info move D5 visits 21 edgeVisits 21 utility -0.821449 winrate 0.0996653 scoreMean -0.597871 scoreStdev 6.9068 scoreLead -0.597871 scoreSelfplay -1.73758 prior 0.0861474 lcb 0.085781 utilityLcb -0.860325 weight 39.1551 isSymmetryOf F5 order 2 pv D5 F5 E7 F3 G6 G5 H6 B5 C5 info move E4 visits 21 edgeVisits 21 utility -0.821449 winrate 0.0996653 scoreMean -0.597871 scoreStdev 6.9068 scoreLead -0.597871 scoreSelfplay -1.73758 prior 0.0861474 lcb 0.085781 utilityLcb -0.860325 weight 39.1551 isSymmetryOf F5 order 3 pv E4 E6 C5 G6 D7 E7 D8 E2 E3 info move E6 visits 21 edgeVisits 21 utility -0.821449 winrate 0.0996653 scoreMean -0.597871 scoreStdev 6.9068 scoreLead -0.597871 scoreSelfplay -1.73758 prior 0.0861474 lcb 0.085781 utilityLcb -0.860325 weight 39.1551 isSymmetryOf F5 order 4 pv E6 E4 C5 G4 D3 E3 D2 E8 E7 info move F6 visits 1 edgeVisits 1 utility -0.830425 winrate 0.0879542 scoreMean -0.279423 scoreStdev 5.08728 scoreLead -0.279423 scoreSelfplay -1.55036 prior 0.00725093 lcb -1.16205 utilityLcb -4.33042 weight 2.30508 order 5 pv F6 info move F4 visits 1 edgeVisits 1 utility -0.830425 winrate 0.0879542 scoreMean -0.279423 scoreStdev 5.08728 scoreLead -0.279423 scoreSelfplay -1.55036 prior 0.00725093 lcb -1.16205 utilityLcb -4.33042 weight 2.30508 isSymmetryOf F6 order 6 pv F4 info move D6 visits 1 edgeVisits 1 utility -0.830425 winrate 0.0879542 scoreMean -0.279423 scoreStdev 5.08728 scoreLead -0.279423 scoreSelfplay -1.55036 prior 0.00725093 lcb -1.16205 utilityLcb -4.33042 weight 2.30508 isSymmetryOf F6 order 7 pv D6 info move D4 visits 1 edgeVisits 1 utility -0.830425 winrate 0.0879542 scoreMean -0.279423 scoreStdev 5.08728 scoreLead -0.279423 scoreSelfplay -1.55036 prior 0.00725093 lcb -1.16205 utilityLcb -4.33042 weight 2.30508 isSymmetryOf F6 order 8 pv D4
play E5

= 

=
play cancelled

= cancelled

